задание: 2.1.4
проект: 211-command-usb
устройство: 2e8a:000a
серийный номер: 5045538400A2710C
порт: /dev/ttyACM0
начало: 2026-09-22T08:57:51
   0.000 --> fw_info
   0.152 <-- fw_info
   0.153 <-- dbg read_line:114 got fw_info
   0.153 <-- object	addres	value
   0.153 <-- main	0x10000429	0xb570
   0.154 <-- fw_info	0x100006cd	0xb5f0
   0.154 <-- commands	0x10008978
   0.154 <-- - enable	0x10000281
   0.155 <-- - disable	0x100002bd
   0.155 <-- - info	0x100002f9
   0.155 <-- - version	0x10000301
   0.155 <-- - ping	0x10000309
   0.156 <-- - mem_info	0x10000319
   0.156 <-- - fw_info	0x10000321
   0.157 <-- DEVICE_PROJECT	0x10007774	211-command-usb
   0.157 <-- DEVICE_BOARD	0x100077cc	pico
   0.157 <-- data_variable	0x20000c00	101
   0.158 <-- bss_variable	0x200018f0	1
   0.158 <-- stack_variable	0x20041fb4	1946
   0.159 <-- heap_variable	0x20001fe8	1951
   2.161 --> fw_info
   2.315 <-- fw_info
   2.315 <-- dbg read_line:114 got fw_info
   2.316 <-- object	addres	value
   2.316 <-- main	0x10000429	0xb570
   2.316 <-- fw_info	0x100006cd	0xb5f0
   2.317 <-- commands	0x10008978
   2.317 <-- - enable	0x10000281
   2.317 <-- - disable	0x100002bd
   2.317 <-- - info	0x100002f9
   2.318 <-- - version	0x10000301
   2.318 <-- - ping	0x10000309
   2.318 <-- - mem_info	0x10000319
   2.319 <-- - fw_info	0x10000321
   2.319 <-- DEVICE_PROJECT	0x10007774	211-command-usb
   2.320 <-- DEVICE_BOARD	0x100077cc	pico
   2.320 <-- data_variable	0x20000c00	102
   2.320 <-- bss_variable	0x200018f0	2
   2.321 <-- stack_variable	0x20041fb4	1946
   2.321 <-- heap_variable	0x20001fe8	1951
   4.324 --> fw_info
   4.477 <-- fw_info
   4.478 <-- dbg read_line:114 got fw_info
   4.478 <-- object	addres	value
   4.478 <-- main	0x10000429	0xb570
   4.479 <-- fw_info	0x100006cd	0xb5f0
   4.479 <-- commands	0x10008978
   4.479 <-- - enable	0x10000281
   4.479 <-- - disable	0x100002bd
   4.480 <-- - info	0x100002f9
   4.480 <-- - version	0x10000301
   4.480 <-- - ping	0x10000309
   4.481 <-- - mem_info	0x10000319
   4.481 <-- - fw_info	0x10000321
   4.481 <-- DEVICE_PROJECT	0x10007774	211-command-usb
   4.482 <-- DEVICE_BOARD	0x100077cc	pico
   4.482 <-- data_variable	0x20000c00	103
   4.483 <-- bss_variable	0x200018f0	3
   4.483 <-- stack_variable	0x20041fb4	1946
   4.484 <-- heap_variable	0x20001fe8	1951
итог: отправлено команд 3, принято строк 57
