задание: 2.1.1
проект: 211-command-usb
project: 211-command-usb
устройство: 2e8a:000a
серийный номер: 5045538400A2710C
порт: /dev/ttyACM0
начало: 2026-09-21T20:25:38
   0.000 --> enable
   0.122 <-- enable
   0.122 <-- dbg read_line:100 got enable
   0.123 <-- inf cmd_enable:33 led on
   2.125 --> disable
   2.283 <-- disable
   2.283 <-- dbg read_line:100 got disable
   2.283 <-- inf cmd_disable:39 led off
   4.286 --> info
   4.384 <-- info
   4.384 <-- dbg read_line:100 got info
   4.384 <-- project: es-led-module
   4.385 <-- repo: https://github.com/prichinenko/es-student
   4.385 <-- board: pico
   4.385 <-- serial: 5045538400A2710C
   4.386 <-- chip: manufacturer 0x927, part 0x0002, revision 2
   4.386 <-- pico-sdk: 2.3.0
   6.389 --> nosuchcommand
   6.665 <-- nosuchcommand
   6.666 <-- dbg read_line:100 got nosuchcommand
   6.667 <-- err handle_command:81 unknown command: nosuchcommand
итог: отправлено команд 4, принято строк 17
