задание: 2.1.6
проект: 211-command-usb
устройство: 2e8a:000a
серийный номер: 50031519A098540C
порт: /dev/ttyACM24
начало: 2026-09-26T08:55:56
   0.000 --> boot_info
   0.182 <-- boot_info
   0.182 <-- dbg read_line:126 got boot_info
   0.182 <-- vector table        0x10000100
   0.183 <-- stack top         0x20042000
   0.183 <-- reset             0x100001f7
   0.183 <-- reset (even)      0x100001f6
   0.183 <-- gpio in             0xd0000004
   0.184 <-- led bit           0
   0.184 <-- gpio_get          0
   1.303 <-- M105
   1.304 <-- dbg read_line:126 got M105
   1.304 <-- err handle_command:107 unknown command: M105
   2.305 --> enable
   2.444 <-- enable
   2.444 <-- dbg read_line:126 got enable
   2.444 <-- inf cmd_enable:35 led on
   4.447 --> boot_info
   4.645 <-- boot_info
   4.645 <-- dbg read_line:126 got boot_info
   4.646 <-- vector table        0x10000100
   4.646 <-- stack top         0x20042000
   4.646 <-- reset             0x100001f7
   4.647 <-- reset (even)      0x100001f6
   4.647 <-- gpio in             0xd0000004
   4.647 <-- led bit           1
   4.648 <-- gpio_get          1
   6.649 --> disable
   6.806 <-- disable
   6.806 <-- dbg read_line:126 got disable
   6.807 <-- inf cmd_disable:41 led off
   8.809 --> boot_info
   9.007 <-- boot_info
   9.007 <-- dbg read_line:126 got boot_info
   9.008 <-- vector table        0x10000100
   9.008 <-- stack top         0x20042000
   9.009 <-- reset             0x100001f7
   9.009 <-- reset (even)      0x100001f6
   9.009 <-- gpio in             0xd0000004
   9.010 <-- led bit           0
   9.010 <-- gpio_get          0
итог: отправлено команд 5, принято строк 36
